Release 14.7 - xst P.20131013 (nt64)
Copyright (c) 1995-2013 Xilinx, Inc.  All rights reserved.
--> Parameter TMPDIR set to xst/projnav.tmp


Total REAL time to Xst completion: 1.00 secs
Total CPU time to Xst completion: 0.36 secs
 
--> Parameter xsthdpdir set to xst


Total REAL time to Xst completion: 1.00 secs
Total CPU time to Xst completion: 0.36 secs
 
--> Reading design: Mult_3.prj

TABLE OF CONTENTS
  1) Synthesis Options Summary
  2) HDL Parsing
  3) HDL Elaboration
  4) HDL Synthesis
       4.1) HDL Synthesis Report
  5) Advanced HDL Synthesis
       5.1) Advanced HDL Synthesis Report
  6) Low Level Synthesis
  7) Partition Report
  8) Design Summary
       8.1) Primitive and Black Box Usage
       8.2) Device utilization summary
       8.3) Partition Resource Summary
       8.4) Timing Report
            8.4.1) Clock Information
            8.4.2) Asynchronous Control Signals Information
            8.4.3) Timing Summary
            8.4.4) Timing Details
            8.4.5) Cross Clock Domains Report


=========================================================================
*                      Synthesis Options Summary                        *
=========================================================================
---- Source Parameters
Input File Name                    : "Mult_3.prj"
Ignore Synthesis Constraint File   : NO

---- Target Parameters
Output File Name                   : "Mult_3"
Output Format                      : NGC
Target Device                      : xc7a100t-3-csg324

---- Source Options
Top Module Name                    : Mult_3
Automatic FSM Extraction           : YES
FSM Encoding Algorithm             : Auto
Safe Implementation                : No
FSM Style                          : LUT
RAM Extraction                     : Yes
RAM Style                          : Auto
ROM Extraction                     : Yes
Shift Register Extraction          : YES
ROM Style                          : Auto
Resource Sharing                   : YES
Asynchronous To Synchronous        : NO
Shift Register Minimum Size        : 2
Use DSP Block                      : Auto
Automatic Register Balancing       : No

---- Target Options
LUT Combining                      : Auto
Reduce Control Sets                : Auto
Add IO Buffers                     : YES
Global Maximum Fanout              : 100000
Add Generic Clock Buffer(BUFG)     : 32
Register Duplication               : YES
Optimize Instantiated Primitives   : NO
Use Clock Enable                   : Auto
Use Synchronous Set                : Auto
Use Synchronous Reset              : Auto
Pack IO Registers into IOBs        : Auto
Equivalent register Removal        : YES

---- General Options
Optimization Goal                  : Speed
Optimization Effort                : 1
Power Reduction                    : NO
Keep Hierarchy                     : No
Netlist Hierarchy                  : As_Optimized
RTL Output                         : Yes
Global Optimization                : AllClockNets
Read Cores                         : YES
Write Timing Constraints           : NO
Cross Clock Analysis               : NO
Hierarchy Separator                : /
Bus Delimiter                      : <>
Case Specifier                     : Maintain
Slice Utilization Ratio            : 100
BRAM Utilization Ratio             : 100
DSP48 Utilization Ratio            : 100
Auto BRAM Packing                  : NO
Slice Utilization Ratio Delta      : 5

=========================================================================


=========================================================================
*                          HDL Parsing                                  *
=========================================================================
Analyzing Verilog file "D:\My Study Folder\3rd Year\Sem 5\COA\Lab\Assignment 7\asgn7_2\Mult_3.v" into library work
Parsing module <Mult_3>.
Parsing module <Counter_loop>.
Parsing module <Change_state>.
Parsing module <Parallel_in_Serial_out>.

=========================================================================
*                            HDL Elaboration                            *
=========================================================================

Elaborating module <Mult_3>.

Elaborating module <Counter_loop>.
WARNING:HDLCompiler:413 - "D:\My Study Folder\3rd Year\Sem 5\COA\Lab\Assignment 7\asgn7_2\Mult_3.v" Line 66: Result of 6-bit expression is truncated to fit in 5-bit target.

Elaborating module <Parallel_in_Serial_out>.

Elaborating module <Change_state>.
WARNING:HDLCompiler:413 - "D:\My Study Folder\3rd Year\Sem 5\COA\Lab\Assignment 7\asgn7_2\Mult_3.v" Line 86: Result of 3-bit expression is truncated to fit in 2-bit target.
WARNING:HDLCompiler:413 - "D:\My Study Folder\3rd Year\Sem 5\COA\Lab\Assignment 7\asgn7_2\Mult_3.v" Line 91: Result of 3-bit expression is truncated to fit in 2-bit target.
WARNING:HDLCompiler:413 - "D:\My Study Folder\3rd Year\Sem 5\COA\Lab\Assignment 7\asgn7_2\Mult_3.v" Line 92: Result of 32-bit expression is truncated to fit in 2-bit target.
WARNING:HDLCompiler:413 - "D:\My Study Folder\3rd Year\Sem 5\COA\Lab\Assignment 7\asgn7_2\Mult_3.v" Line 95: Result of 32-bit expression is truncated to fit in 2-bit target.

=========================================================================
*                           HDL Synthesis                               *
=========================================================================

Synthesizing Unit <Mult_3>.
    Related source file is "D:\My Study Folder\3rd Year\Sem 5\COA\Lab\Assignment 7\asgn7_2\Mult_3.v".
    Summary:
	no macro.
Unit <Mult_3> synthesized.

Synthesizing Unit <Counter_loop>.
    Related source file is "D:\My Study Folder\3rd Year\Sem 5\COA\Lab\Assignment 7\asgn7_2\Mult_3.v".
    Found 5-bit register for signal <counter>.
    Found 5-bit adder for signal <counter[4]_GND_2_o_add_3_OUT> created at line 66.
    Found 5-bit comparator greater for signal <counter[4]_PWR_2_o_LessThan_3_o> created at line 65
    Summary:
	inferred   1 Adder/Subtractor(s).
	inferred   5 D-type flip-flop(s).
	inferred   1 Comparator(s).
Unit <Counter_loop> synthesized.

Synthesizing Unit <Parallel_in_Serial_out>.
    Related source file is "D:\My Study Folder\3rd Year\Sem 5\COA\Lab\Assignment 7\asgn7_2\Mult_3.v".
    Found 1-bit register for signal <a_store<14>>.
    Found 1-bit register for signal <a_store<13>>.
    Found 1-bit register for signal <a_store<12>>.
    Found 1-bit register for signal <a_store<11>>.
    Found 1-bit register for signal <a_store<10>>.
    Found 1-bit register for signal <a_store<9>>.
    Found 1-bit register for signal <a_store<8>>.
    Found 1-bit register for signal <a_store<7>>.
    Found 1-bit register for signal <a_store<6>>.
    Found 1-bit register for signal <a_store<5>>.
    Found 1-bit register for signal <a_store<4>>.
    Found 1-bit register for signal <a_store<3>>.
    Found 1-bit register for signal <a_store<2>>.
    Found 1-bit register for signal <a_store<1>>.
    Found 1-bit register for signal <a_store<0>>.
    Found 1-bit register for signal <a_store<15>>.
    Found 5-bit comparator greater for signal <count[4]_PWR_3_o_LessThan_3_o> created at line 110
    Summary:
	inferred  16 D-type flip-flop(s).
	inferred   1 Comparator(s).
	inferred  17 Multiplexer(s).
Unit <Parallel_in_Serial_out> synthesized.

Synthesizing Unit <Change_state>.
    Related source file is "D:\My Study Folder\3rd Year\Sem 5\COA\Lab\Assignment 7\asgn7_2\Mult_3.v".
    Found 1-bit register for signal <ans>.
    Found 2-bit register for signal <state>.
    Found 2-bit adder for signal <state[1]_GND_4_o_add_7_OUT> created at line 91.
    Found 2-bit subtractor for signal <GND_4_o_GND_4_o_sub_12_OUT<1:0>> created at line 95.
    Summary:
	inferred   2 Adder/Subtractor(s).
	inferred   3 D-type flip-flop(s).
	inferred   4 Multiplexer(s).
Unit <Change_state> synthesized.

=========================================================================
HDL Synthesis Report

Macro Statistics
# Adders/Subtractors                                   : 3
 2-bit adder                                           : 1
 2-bit subtractor                                      : 1
 5-bit adder                                           : 1
# Registers                                            : 19
 1-bit register                                        : 17
 2-bit register                                        : 1
 5-bit register                                        : 1
# Comparators                                          : 2
 5-bit comparator greater                              : 2
# Multiplexers                                         : 21
 1-bit 2-to-1 multiplexer                              : 17
 2-bit 2-to-1 multiplexer                              : 4

=========================================================================

=========================================================================
*                       Advanced HDL Synthesis                          *
=========================================================================


Synthesizing (advanced) Unit <Counter_loop>.
The following registers are absorbed into counter <counter>: 1 register on signal <counter>.
Unit <Counter_loop> synthesized (advanced).

=========================================================================
Advanced HDL Synthesis Report

Macro Statistics
# Adders/Subtractors                                   : 2
 2-bit adder                                           : 1
 2-bit subtractor                                      : 1
# Counters                                             : 1
 5-bit up counter                                      : 1
# Registers                                            : 19
 Flip-Flops                                            : 19
# Comparators                                          : 2
 5-bit comparator greater                              : 2
# Multiplexers                                         : 21
 1-bit 2-to-1 multiplexer                              : 17
 2-bit 2-to-1 multiplexer                              : 4

=========================================================================

=========================================================================
*                         Low Level Synthesis                           *
=========================================================================

Optimizing unit <Mult_3> ...

Optimizing unit <Parallel_in_Serial_out> ...

Optimizing unit <Change_state> ...

Mapping all equations...
Building and optimizing final netlist ...
Found area constraint ratio of 100 (+ 5) on block Mult_3, actual ratio is 0.

Final Macro Processing ...

=========================================================================
Final Register Report

Macro Statistics
# Registers                                            : 24
 Flip-Flops                                            : 24

=========================================================================

=========================================================================
*                           Partition Report                            *
=========================================================================

Partition Implementation Status
-------------------------------

  No Partitions were found in this design.

-------------------------------

=========================================================================
*                            Design Summary                             *
=========================================================================

Top Level Output File Name         : Mult_3.ngc

Primitive and Black Box Usage:
------------------------------
# BELS                             : 26
#      INV                         : 2
#      LUT2                        : 1
#      LUT3                        : 19
#      LUT4                        : 1
#      LUT5                        : 3
# FlipFlops/Latches                : 24
#      FD                          : 4
#      FDE                         : 20
# Clock Buffers                    : 1
#      BUFGP                       : 1
# IO Buffers                       : 18
#      IBUF                        : 16
#      OBUF                        : 2

Device utilization summary:
---------------------------

Selected Device : 7a100tcsg324-3 


Slice Logic Utilization: 
 Number of Slice Registers:              24  out of  126800     0%  
 Number of Slice LUTs:                   26  out of  63400     0%  
    Number used as Logic:                26  out of  63400     0%  

Slice Logic Distribution: 
 Number of LUT Flip Flop pairs used:     26
   Number with an unused Flip Flop:       2  out of     26     7%  
   Number with an unused LUT:             0  out of     26     0%  
   Number of fully used LUT-FF pairs:    24  out of     26    92%  
   Number of unique control sets:         2

IO Utilization: 
 Number of IOs:                          19
 Number of bonded IOBs:                  19  out of    210     9%  

Specific Feature Utilization:
 Number of BUFG/BUFGCTRLs:                1  out of     32     3%  

---------------------------
Partition Resource Summary:
---------------------------

  No Partitions were found in this design.

---------------------------


=========================================================================
Timing Report

NOTE: THESE TIMING NUMBERS ARE ONLY A SYNTHESIS ESTIMATE.
      FOR ACCURATE TIMING INFORMATION PLEASE REFER TO THE TRACE REPORT
      GENERATED AFTER PLACE-and-ROUTE.

Clock Information:
------------------
-----------------------------------+------------------------+-------+
Clock Signal                       | Clock buffer(FF name)  | Load  |
-----------------------------------+------------------------+-------+
clk                                | BUFGP                  | 24    |
-----------------------------------+------------------------+-------+

Asynchronous Control Signals Information:
----------------------------------------
No asynchronous control signals found in this design

Timing Summary:
---------------
Speed Grade: -3

   Minimum period: 1.624ns (Maximum Frequency: 615.688MHz)
   Minimum input arrival time before clock: 0.789ns
   Maximum output required time after clock: 0.659ns
   Maximum combinational path delay: No path found

Timing Details:
---------------
All values displayed in nanoseconds (ns)

=========================================================================
Timing constraint: Default period analysis for Clock 'clk'
  Clock period: 1.624ns (frequency: 615.688MHz)
  Total number of paths / destination ports: 141 / 44
-------------------------------------------------------------------------
Delay:               1.624ns (Levels of Logic = 2)
  Source:            CL/counter_4 (FF)
  Destination:       PISO/a_store_15 (FF)
  Source Clock:      clk rising
  Destination Clock: clk rising

  Data Path: CL/counter_4 to PISO/a_store_15
                                Gate     Net
    Cell:in->out      fanout   Delay   Delay  Logical Name (Net Name)
    ----------------------------------------  ------------
     FDE:C->Q              4   0.361   0.697  CL/counter_4 (CL/counter_4)
     LUT5:I0->O           16   0.097   0.364  PISO/GND_3_o_GND_3_o_equal_2_o<4>1 (PISO/GND_3_o_GND_3_o_equal_2_o)
     LUT5:I4->O            1   0.097   0.000  PISO/Mmux_a[0]_a[15]_mux_4_OUT<15>11 (PISO/a[0]_a[15]_mux_4_OUT<15>)
     FD:D                      0.008          PISO/a_store_15
    ----------------------------------------
    Total                      1.624ns (0.563ns logic, 1.061ns route)
                                       (34.7% logic, 65.3% route)

=========================================================================
Timing constraint: Default OFFSET IN BEFORE for Clock 'clk'
  Total number of paths / destination ports: 17 / 16
-------------------------------------------------------------------------
Offset:              0.789ns (Levels of Logic = 2)
  Source:            a<15> (PAD)
  Destination:       PISO/a_store_15 (FF)
  Destination Clock: clk rising

  Data Path: a<15> to PISO/a_store_15
                                Gate     Net
    Cell:in->out      fanout   Delay   Delay  Logical Name (Net Name)
    ----------------------------------------  ------------
     IBUF:I->O             1   0.001   0.683  a_15_IBUF (a_15_IBUF)
     LUT5:I0->O            1   0.097   0.000  PISO/Mmux_a[0]_a[15]_mux_4_OUT<15>11 (PISO/a[0]_a[15]_mux_4_OUT<15>)
     FD:D                      0.008          PISO/a_store_15
    ----------------------------------------
    Total                      0.789ns (0.106ns logic, 0.683ns route)
                                       (13.4% logic, 86.6% route)

=========================================================================
Timing constraint: Default OFFSET OUT AFTER for Clock 'clk'
  Total number of paths / destination ports: 2 / 2
-------------------------------------------------------------------------
Offset:              0.659ns (Levels of Logic = 1)
  Source:            PISO/a_store_15 (FF)
  Destination:       a_bit (PAD)
  Source Clock:      clk rising

  Data Path: PISO/a_store_15 to a_bit
                                Gate     Net
    Cell:in->out      fanout   Delay   Delay  Logical Name (Net Name)
    ----------------------------------------  ------------
     FD:C->Q               5   0.361   0.298  PISO/a_store_15 (PISO/a_store_15)
     OBUF:I->O                 0.000          a_bit_OBUF (a_bit)
    ----------------------------------------
    Total                      0.659ns (0.361ns logic, 0.298ns route)
                                       (54.8% logic, 45.2% route)

=========================================================================

Cross Clock Domains Report:
--------------------------

Clock to Setup on destination clock clk
---------------+---------+---------+---------+---------+
               | Src:Rise| Src:Fall| Src:Rise| Src:Fall|
Source Clock   |Dest:Rise|Dest:Rise|Dest:Fall|Dest:Fall|
---------------+---------+---------+---------+---------+
clk            |    1.624|         |         |         |
---------------+---------+---------+---------+---------+

=========================================================================


Total REAL time to Xst completion: 13.00 secs
Total CPU time to Xst completion: 13.25 secs
 
--> 

Total memory usage is 4654796 kilobytes

Number of errors   :    0 (   0 filtered)
Number of warnings :    5 (   0 filtered)
Number of infos    :    0 (   0 filtered)

