Release 14.7 - xst P.20131013 (nt64)
Copyright (c) 1995-2013 Xilinx, Inc.  All rights reserved.
--> Parameter TMPDIR set to xst/projnav.tmp


Total REAL time to Xst completion: 0.00 secs
Total CPU time to Xst completion: 0.09 secs
 
--> Parameter xsthdpdir set to xst


Total REAL time to Xst completion: 0.00 secs
Total CPU time to Xst completion: 0.11 secs
 
--> Reading design: Bit_Serial_Adder.prj

TABLE OF CONTENTS
  1) Synthesis Options Summary
  2) HDL Parsing
  3) HDL Elaboration
  4) HDL Synthesis
       4.1) HDL Synthesis Report
  5) Advanced HDL Synthesis
       5.1) Advanced HDL Synthesis Report
  6) Low Level Synthesis
  7) Partition Report
  8) Design Summary
       8.1) Primitive and Black Box Usage
       8.2) Device utilization summary
       8.3) Partition Resource Summary
       8.4) Timing Report
            8.4.1) Clock Information
            8.4.2) Asynchronous Control Signals Information
            8.4.3) Timing Summary
            8.4.4) Timing Details
            8.4.5) Cross Clock Domains Report


=========================================================================
*                      Synthesis Options Summary                        *
=========================================================================
---- Source Parameters
Input File Name                    : "Bit_Serial_Adder.prj"
Ignore Synthesis Constraint File   : NO

---- Target Parameters
Output File Name                   : "Bit_Serial_Adder"
Output Format                      : NGC
Target Device                      : xc7a100t-3-csg324

---- Source Options
Top Module Name                    : Bit_Serial_Adder
Automatic FSM Extraction           : YES
FSM Encoding Algorithm             : Auto
Safe Implementation                : No
FSM Style                          : LUT
RAM Extraction                     : Yes
RAM Style                          : Auto
ROM Extraction                     : Yes
Shift Register Extraction          : YES
ROM Style                          : Auto
Resource Sharing                   : YES
Asynchronous To Synchronous        : NO
Shift Register Minimum Size        : 2
Use DSP Block                      : Auto
Automatic Register Balancing       : No

---- Target Options
LUT Combining                      : Auto
Reduce Control Sets                : Auto
Add IO Buffers                     : YES
Global Maximum Fanout              : 100000
Add Generic Clock Buffer(BUFG)     : 32
Register Duplication               : YES
Optimize Instantiated Primitives   : NO
Use Clock Enable                   : Auto
Use Synchronous Set                : Auto
Use Synchronous Reset              : Auto
Pack IO Registers into IOBs        : Auto
Equivalent register Removal        : YES

---- General Options
Optimization Goal                  : Speed
Optimization Effort                : 1
Power Reduction                    : NO
Keep Hierarchy                     : No
Netlist Hierarchy                  : As_Optimized
RTL Output                         : Yes
Global Optimization                : AllClockNets
Read Cores                         : YES
Write Timing Constraints           : NO
Cross Clock Analysis               : NO
Hierarchy Separator                : /
Bus Delimiter                      : <>
Case Specifier                     : Maintain
Slice Utilization Ratio            : 100
BRAM Utilization Ratio             : 100
DSP48 Utilization Ratio            : 100
Auto BRAM Packing                  : NO
Slice Utilization Ratio Delta      : 5

=========================================================================


=========================================================================
*                          HDL Parsing                                  *
=========================================================================
Analyzing Verilog file "D:\My Study Folder\3rd Year\Sem 5\COA\Lab\Assignment 6\asgn6\asgn6_3\Bit_Serial_Adder.v" into library work
Parsing module <Bit_Serial_Adder>.
Parsing module <Serial_in_Parallel_out>.
Parsing module <D_flip_flop>.
Parsing module <Parallen_in_Serial_out>.

=========================================================================
*                            HDL Elaboration                            *
=========================================================================

Elaborating module <Bit_Serial_Adder>.
WARNING:HDLCompiler:413 - "D:\My Study Folder\3rd Year\Sem 5\COA\Lab\Assignment 6\asgn6\asgn6_3\Bit_Serial_Adder.v" Line 44: Result of 5-bit expression is truncated to fit in 4-bit target.

Elaborating module <Parallen_in_Serial_out>.

Elaborating module <D_flip_flop>.

Elaborating module <Serial_in_Parallel_out>.

=========================================================================
*                           HDL Synthesis                               *
=========================================================================

Synthesizing Unit <Bit_Serial_Adder>.
    Related source file is "D:\My Study Folder\3rd Year\Sem 5\COA\Lab\Assignment 6\asgn6\asgn6_3\Bit_Serial_Adder.v".
    Found 4-bit register for signal <state>.
    Found 4-bit adder for signal <state[3]_GND_1_o_add_4_OUT> created at line 44.
    Found 2-bit adder for signal <n0030> created at line 50.
    Found 2-bit adder for signal <n0021> created at line 50.
    Found 4-bit comparator greater for signal <n0004> created at line 43
    Summary:
	inferred   3 Adder/Subtractor(s).
	inferred   4 D-type flip-flop(s).
	inferred   1 Comparator(s).
Unit <Bit_Serial_Adder> synthesized.

Synthesizing Unit <Parallen_in_Serial_out>.
    Related source file is "D:\My Study Folder\3rd Year\Sem 5\COA\Lab\Assignment 6\asgn6\asgn6_3\Bit_Serial_Adder.v".
    Found 1-bit register for signal <a_store<6>>.
    Found 1-bit register for signal <a_store<5>>.
    Found 1-bit register for signal <a_store<4>>.
    Found 1-bit register for signal <a_store<3>>.
    Found 1-bit register for signal <a_store<2>>.
    Found 1-bit register for signal <a_store<1>>.
    Found 1-bit register for signal <a_store<0>>.
    Found 1-bit register for signal <a_store<7>>.
    Found 4-bit comparator greater for signal <n0002> created at line 100
    Summary:
	inferred   8 D-type flip-flop(s).
	inferred   1 Comparator(s).
	inferred   9 Multiplexer(s).
Unit <Parallen_in_Serial_out> synthesized.

Synthesizing Unit <D_flip_flop>.
    Related source file is "D:\My Study Folder\3rd Year\Sem 5\COA\Lab\Assignment 6\asgn6\asgn6_3\Bit_Serial_Adder.v".
    Found 1-bit register for signal <d>.
    Found 4-bit comparator greater for signal <n0003> created at line 87
    Summary:
	inferred   1 D-type flip-flop(s).
	inferred   1 Comparator(s).
Unit <D_flip_flop> synthesized.

Synthesizing Unit <Serial_in_Parallel_out>.
    Related source file is "D:\My Study Folder\3rd Year\Sem 5\COA\Lab\Assignment 6\asgn6\asgn6_3\Bit_Serial_Adder.v".
    Found 8-bit register for signal <ans>.
    Found 4-bit comparator lessequal for signal <n0002> created at line 68
    Found 4-bit comparator lessequal for signal <n0004> created at line 68
    Summary:
	inferred   8 D-type flip-flop(s).
	inferred   2 Comparator(s).
Unit <Serial_in_Parallel_out> synthesized.

=========================================================================
HDL Synthesis Report

Macro Statistics
# Adders/Subtractors                                   : 3
 2-bit adder                                           : 2
 4-bit adder                                           : 1
# Registers                                            : 19
 1-bit register                                        : 17
 4-bit register                                        : 1
 8-bit register                                        : 1
# Comparators                                          : 6
 4-bit comparator greater                              : 4
 4-bit comparator lessequal                            : 2
# Multiplexers                                         : 18
 1-bit 2-to-1 multiplexer                              : 18

=========================================================================

=========================================================================
*                       Advanced HDL Synthesis                          *
=========================================================================


Synthesizing (advanced) Unit <Bit_Serial_Adder>.
The following registers are absorbed into counter <state>: 1 register on signal <state>.
Unit <Bit_Serial_Adder> synthesized (advanced).

=========================================================================
Advanced HDL Synthesis Report

Macro Statistics
# Adders/Subtractors                                   : 1
 2-bit adder carry in                                  : 1
# Counters                                             : 1
 4-bit up counter                                      : 1
# Registers                                            : 25
 Flip-Flops                                            : 25
# Comparators                                          : 6
 4-bit comparator greater                              : 4
 4-bit comparator lessequal                            : 2
# Multiplexers                                         : 18
 1-bit 2-to-1 multiplexer                              : 18

=========================================================================

=========================================================================
*                         Low Level Synthesis                           *
=========================================================================

Optimizing unit <Bit_Serial_Adder> ...

Optimizing unit <Parallen_in_Serial_out> ...

Optimizing unit <Serial_in_Parallel_out> ...

Mapping all equations...
Building and optimizing final netlist ...
Found area constraint ratio of 100 (+ 5) on block Bit_Serial_Adder, actual ratio is 0.

Final Macro Processing ...

=========================================================================
Final Register Report

Macro Statistics
# Registers                                            : 29
 Flip-Flops                                            : 29

=========================================================================

=========================================================================
*                           Partition Report                            *
=========================================================================

Partition Implementation Status
-------------------------------

  No Partitions were found in this design.

-------------------------------

=========================================================================
*                            Design Summary                             *
=========================================================================

Top Level Output File Name         : Bit_Serial_Adder.ngc

Primitive and Black Box Usage:
------------------------------
# BELS                             : 27
#      INV                         : 1
#      LUT2                        : 2
#      LUT3                        : 3
#      LUT4                        : 3
#      LUT5                        : 2
#      LUT6                        : 16
# FlipFlops/Latches                : 29
#      FD                          : 3
#      FDE                         : 14
#      FDRE                        : 12
# Clock Buffers                    : 1
#      BUFGP                       : 1
# IO Buffers                       : 26
#      IBUF                        : 17
#      OBUF                        : 9

Device utilization summary:
---------------------------

Selected Device : 7a100tcsg324-3 


Slice Logic Utilization: 
 Number of Slice Registers:              29  out of  126800     0%  
 Number of Slice LUTs:                   27  out of  63400     0%  
    Number used as Logic:                27  out of  63400     0%  

Slice Logic Distribution: 
 Number of LUT Flip Flop pairs used:     33
   Number with an unused Flip Flop:       4  out of     33    12%  
   Number with an unused LUT:             6  out of     33    18%  
   Number of fully used LUT-FF pairs:    23  out of     33    69%  
   Number of unique control sets:         4

IO Utilization: 
 Number of IOs:                          27
 Number of bonded IOBs:                  27  out of    210    12%  

Specific Feature Utilization:
 Number of BUFG/BUFGCTRLs:                1  out of     32     3%  

---------------------------
Partition Resource Summary:
---------------------------

  No Partitions were found in this design.

---------------------------


=========================================================================
Timing Report

NOTE: THESE TIMING NUMBERS ARE ONLY A SYNTHESIS ESTIMATE.
      FOR ACCURATE TIMING INFORMATION PLEASE REFER TO THE TRACE REPORT
      GENERATED AFTER PLACE-and-ROUTE.

Clock Information:
------------------
-----------------------------------+------------------------+-------+
Clock Signal                       | Clock buffer(FF name)  | Load  |
-----------------------------------+------------------------+-------+
clk                                | BUFGP                  | 29    |
-----------------------------------+------------------------+-------+

Asynchronous Control Signals Information:
----------------------------------------
No asynchronous control signals found in this design

Timing Summary:
---------------
Speed Grade: -3

   Minimum period: 1.589ns (Maximum Frequency: 629.366MHz)
   Minimum input arrival time before clock: 1.322ns
   Maximum output required time after clock: 1.263ns
   Maximum combinational path delay: No path found

Timing Details:
---------------
All values displayed in nanoseconds (ns)

=========================================================================
Timing constraint: Default period analysis for Clock 'clk'
  Clock period: 1.589ns (frequency: 629.366MHz)
  Total number of paths / destination ports: 215 / 55
-------------------------------------------------------------------------
Delay:               1.589ns (Levels of Logic = 2)
  Source:            state_2 (FF)
  Destination:       D/d (FF)
  Source Clock:      clk rising
  Destination Clock: clk rising

  Data Path: state_2 to D/d
                                Gate     Net
    Cell:in->out      fanout   Delay   Delay  Logical Name (Net Name)
    ----------------------------------------  ------------
     FDRE:C->Q            21   0.361   0.647  state_2 (state_2)
     LUT4:I0->O           19   0.097   0.379  n0004_inv11 (n0004_inv)
     LUT5:I4->O            1   0.097   0.000  D/d_rstpot1 (D/d_rstpot1)
     FD:D                      0.008          D/d
    ----------------------------------------
    Total                      1.589ns (0.563ns logic, 1.026ns route)
                                       (35.4% logic, 64.6% route)

=========================================================================
Timing constraint: Default OFFSET IN BEFORE for Clock 'clk'
  Total number of paths / destination ports: 31 / 29
-------------------------------------------------------------------------
Offset:              1.322ns (Levels of Logic = 3)
  Source:            reset (PAD)
  Destination:       D/d (FF)
  Destination Clock: clk rising

  Data Path: reset to D/d
                                Gate     Net
    Cell:in->out      fanout   Delay   Delay  Logical Name (Net Name)
    ----------------------------------------  ------------
     IBUF:I->O            13   0.001   0.739  reset_IBUF (reset_IBUF)
     LUT5:I0->O            1   0.097   0.379  D/Reset_OR_DriverANDClockEnable21 (D/Reset_OR_DriverANDClockEnable)
     LUT5:I3->O            1   0.097   0.000  D/d_rstpot1 (D/d_rstpot1)
     FD:D                      0.008          D/d
    ----------------------------------------
    Total                      1.322ns (0.203ns logic, 1.119ns route)
                                       (15.4% logic, 84.6% route)

=========================================================================
Timing constraint: Default OFFSET OUT AFTER for Clock 'clk'
  Total number of paths / destination ports: 11 / 9
-------------------------------------------------------------------------
Offset:              1.263ns (Levels of Logic = 2)
  Source:            inputa/a_store_0 (FF)
  Destination:       cout (PAD)
  Source Clock:      clk rising

  Data Path: inputa/a_store_0 to cout
                                Gate     Net
    Cell:in->out      fanout   Delay   Delay  Logical Name (Net Name)
    ----------------------------------------  ------------
     FD:C->Q               4   0.361   0.525  inputa/a_store_0 (inputa/a_store_0)
     LUT3:I0->O            1   0.097   0.279  Madd_n0021_Madd_cy<0>1 (Madd_n0021_Madd_cy<0>)
     OBUF:I->O                 0.000          cout_OBUF (cout)
    ----------------------------------------
    Total                      1.263ns (0.458ns logic, 0.805ns route)
                                       (36.3% logic, 63.7% route)

=========================================================================

Cross Clock Domains Report:
--------------------------

Clock to Setup on destination clock clk
---------------+---------+---------+---------+---------+
               | Src:Rise| Src:Fall| Src:Rise| Src:Fall|
Source Clock   |Dest:Rise|Dest:Rise|Dest:Fall|Dest:Fall|
---------------+---------+---------+---------+---------+
clk            |    1.589|         |         |         |
---------------+---------+---------+---------+---------+

=========================================================================


Total REAL time to Xst completion: 7.00 secs
Total CPU time to Xst completion: 7.36 secs
 
--> 

Total memory usage is 4654796 kilobytes

Number of errors   :    0 (   0 filtered)
Number of warnings :    1 (   0 filtered)
Number of infos    :    0 (   0 filtered)

